Log file open, 12/08/25 00:32:47
LogTrace: Initializing trace...
LogTrace: Finished trace initialization.
LogInit: Session CrashGUID >====================================================
         Session CrashGUID >   UECC-Windows-30AA6AE94488A29FB4A981AAB79F7CC5
         Session CrashGUID >====================================================
LogConfig: No local boot hotfix file found at: [../../../../../Users/Alvar/Downloads/Level Design/NAlvarez_SchoolMap/LevelDesign/Saved/PersistentDownloadDir/HotfixForNextBoot.txt]
LogPluginManager: Mounting Engine plugin PlatformCrypto
LogInit: ExecutableName: UnrealPak.exe
LogInit: Build: ++UE5+Release-5.6-CL-44394996
LogInit: Platform=WindowsEditor
LogInit: MachineId=7ecebfc3406bdc68e1b08189f5efa750
LogInit: DeviceId=
LogInit: Engine Version: 5.6.1-44394996+++UE5+Release-5.6
LogInit: Compatible Engine Version: 5.6.0-43139311+++UE5+Release-5.6
LogInit: Net CL: 43139311
LogInit: OS: Windows 11 (25H2) [10.0.26200.7171] (), CPU: 11th Gen Intel(R) Core(TM) i7-11800H @ 2.30GHz, GPU: Intel(R) UHD Graphics
LogInit: Compiled (64-bit): Jul 28 2025 21:09:38
LogInit: Architecture: x64
LogInit: Compiled with Visual C++: 19.38.33130.00
LogInit: Build Configuration: Development
LogInit: Branch Name: ++UE5+Release-5.6
LogInit: Command Line: -CreateGlobalContainer="C:\Users\Alvar\Downloads\Level Design\NAlvarez_SchoolMap\LevelDesign\Saved\StagedBuilds\Windows\LevelDesign\Content\Paks\global.utoc" -PackageStoreManifest="C:\Users\Alvar\Downloads\Level Design\NAlvarez_SchoolMap\LevelDesign\Saved\Cooked\Windows\LevelDesign\Metadata\packagestore.manifest" -CookedDirectory="C:\Users\Alvar\Downloads\Level Design\NAlvarez_SchoolMap\LevelDesign\Saved\Cooked\Windows" -Commands="C:\Users\Alvar\AppData\Roaming\Unreal Engine\AutomationTool\Logs\C+Program+Files+UE_5.6\IoStoreCommands.txt" -ScriptObjects="C:\Users\Alvar\Downloads\Level Design\NAlvarez_SchoolMap\LevelDesign\Saved\Cooked\Windows\LevelDesign\Metadata\scriptobjects.bin" -patchpaddingalign=2048 -compressionformats=Oodle -compresslevel=4 -compressmethod=Kraken -cryptokeys="C:\Users\Alvar\Downloads\Level Design\NAlvarez_SchoolMap\LevelDesign\Saved\Cooked\Windows\LevelDesign\Metadata\Crypto.json" -compressionMinBytesSaved=1024 -compressionMinPercentSaved=5 -WriteBackMetadataToAssetRegistry=Disabled -nopak
LogInit: Base Directory: C:/Program Files/UE_5.6/Engine/Binaries/Win64/
LogInit: Allocator: Mimalloc
LogInit: Installed Engine Build: 1
LogInit: This binary is optimized with LTO: no, PGO: no, instrumented for PGO data collection: no
LogDevObjectVersion: Number of dev versions registered: 35
LogDevObjectVersion:   Dev-Blueprints (B0D832E4-1F89-4F0D-ACCF-7EB736FD4AA2): 10
LogDevObjectVersion:   Dev-Build (E1C64328-A22C-4D53-A36C-8E866417BD8C): 0
LogDevObjectVersion:   Dev-Core (375EC13C-06E4-48FB-B500-84F0262A717E): 4
LogDevObjectVersion:   Dev-Editor (E4B068ED-F494-42E9-A231-DA0B2E46BB41): 40
LogDevObjectVersion:   Dev-Framework (CFFC743F-43B0-4480-9391-14DF171D2073): 37
LogDevObjectVersion:   Dev-Mobile (B02B49B5-BB20-44E9-A304-32B752E40360): 3
LogDevObjectVersion:   Dev-Networking (A4E4105C-59A1-49B5-A7C5-40C4547EDFEE): 0
LogDevObjectVersion:   Dev-Online (39C831C9-5AE6-47DC-9A44-9C173E1C8E7C): 0
LogDevObjectVersion:   Dev-Physics (78F01B33-EBEA-4F98-B9B4-84EACCB95AA2): 20
LogDevObjectVersion:   Dev-Platform (6631380F-2D4D-43E0-8009-CF276956A95A): 0
LogDevObjectVersion:   Dev-Rendering (12F88B9F-8875-4AFC-A67C-D90C383ABD29): 49
LogDevObjectVersion:   Dev-Sequencer (7B5AE74C-D270-4C10-A958-57980B212A5A): 13
LogDevObjectVersion:   Dev-VR (D7296918-1DD6-4BDD-9DE2-64A83CC13884): 3
LogDevObjectVersion:   Dev-LoadTimes (C2A15278-BFE7-4AFE-6C17-90FF531DF755): 1
LogDevObjectVersion:   Private-Geometry (6EACA3D4-40EC-4CC1-B786-8BED09428FC5): 3
LogDevObjectVersion:   Dev-AnimPhys (29E575DD-E0A3-4627-9D10-D276232CDCEA): 17
LogDevObjectVersion:   Dev-Anim (AF43A65D-7FD3-4947-9873-3E8ED9C1BB05): 15
LogDevObjectVersion:   Dev-ReflectionCapture (6B266CEC-1EC7-4B8F-A30B-E4D90942FC07): 1
LogDevObjectVersion:   Dev-Automation (0DF73D61-A23F-47EA-B727-89E90C41499A): 1
LogDevObjectVersion:   FortniteMain (601D1886-AC64-4F84-AA16-D3DE0DEAC7D6): 207
LogDevObjectVersion:   FortniteValkyrie (8DBC2C5B-54A7-43E0-A768-FCBB7DA29060): 8
LogDevObjectVersion:   FortniteSeason (5B4C06B7-2463-4AF8-805B-BF70CDF5D0DD): 13
LogDevObjectVersion:   FortniteRelease (E7086368-6B23-4C58-8439-1B7016265E91): 17
LogDevObjectVersion:   Dev-Enterprise (9DFFBCD6-494F-0158-E221-12823C92A888): 11
LogDevObjectVersion:   Dev-Niagara (F2AED0AC-9AFE-416F-8664-AA7FFA26D6FC): 1
LogDevObjectVersion:   Dev-Destruction (174F1F0B-B4C6-45A5-B13F-2EE8D0FB917D): 10
LogDevObjectVersion:   Dev-Physics-Ext (35F94A83-E258-406C-A318-09F59610247C): 41
LogDevObjectVersion:   Dev-PhysicsMaterial-Chaos (B68FC16E-8B1B-42E2-B453-215C058844FE): 1
LogDevObjectVersion:   Dev-CineCamera (B2E18506-4273-CFC2-A54E-F4BB758BBA07): 1
LogDevObjectVersion:   Dev-VirtualProduction (64F58936-FD1B-42BA-BA96-7289D5D0FA4E): 1
LogDevObjectVersion:   UE5-Main (697DD581-E64F-41AB-AA4A-51ECBEB7B628): 121
LogDevObjectVersion:   UE5-Release (D89B5E42-24BD-4D46-8412-ACA8DF641779): 56
LogDevObjectVersion:   UE5-SpecialProject (59DA5D52-1232-4948-B878-597870B8E98B): 9
LogDevObjectVersion:   Dev-MediaFramework (6F0ED827-A609-4895-9C91-998D90180EA4): 2
LogDevObjectVersion:   Dev-NaniteResearch (30D58BE3-95EA-4282-A6E3-B159D8EBB06A): 1
LogInit: Presizing for max 100000 objects, including 0 objects not considered by GC.
LogInit: Object subsystem initialized
LogConfig: Applying CVar settings from Section [Startup] File [../../../Engine/Config/ConsoleVariables.ini]
LogConfig: CVar [[r.DumpShaderDebugInfo:2]] deferred - dummy variable created
LogConfig: CVar [[p.chaos.AllowCreatePhysxBodies:1]] deferred - dummy variable created
LogConfig: CVar [[fx.SkipVectorVMBackendOptimizations:1]] deferred - dummy variable created
LogConfig: CVar [[ds.CADTranslator.Meshing.ActivateThinZoneMeshing:0]] deferred - dummy variable created
LogConfig: CVar [[ds.CADTranslator.Stitching.RemoveThinFaces:0]] deferred - dummy variable created
LogConfig: Applying CVar settings from Section [Startup_Windows] File [../../../Engine/Config/ConsoleVariables.ini]
LogConfig: Applying CVar settings from Section [ConsoleVariables] File [Engine]
[2025.12.08-06.32.47:389][  0]LogInit: Computer: ACEOFCARDS
[2025.12.08-06.32.47:389][  0]LogInit: User: Alvar
[2025.12.08-06.32.47:389][  0]LogInit: CPU Page size=4096, Cores=8
[2025.12.08-06.32.47:389][  0]LogInit: High frequency timer resolution =10.000000 MHz
[2025.12.08-06.32.47:389][  0]LogMemory: Process is running as part of a Windows Job with separate resource limits
[2025.12.08-06.32.47:389][  0]LogMemory: Memory total: Physical=15.7GB (16GB approx) Virtual=32.2GB
[2025.12.08-06.32.47:391][  0]LogMemory: Platform Memory Stats for WindowsEditor
[2025.12.08-06.32.47:391][  0]LogMemory: Process Physical Memory: 68.75 MB used, 68.75 MB peak
[2025.12.08-06.32.47:391][  0]LogMemory: Process Virtual Memory: 131.77 MB used, 131.77 MB peak
[2025.12.08-06.32.47:391][  0]LogMemory: Physical Memory: 9498.31 MB used,  6587.17 MB free, 16085.48 MB total
[2025.12.08-06.32.47:391][  0]LogMemory: Virtual Memory: 26954.39 MB used,  6026.02 MB free, 32980.41 MB total
[2025.12.08-06.32.47:395][  0]LogAssetRegistry: FAssetRegistry took 0.0001 seconds to start up
[2025.12.08-06.32.47:396][  0]LogUObjectArray: 462 objects as part of root set at end of initial load.
[2025.12.08-06.32.47:396][  0]LogUObjectArray: CloseDisregardForGC: 0/0 objects in disregard for GC pool
[2025.12.08-06.32.47:396][  0]LogInit: Using OS detected language ().
[2025.12.08-06.32.47:396][  0]LogInit: Using OS detected locale ().
[2025.12.08-06.32.47:396][  0]LogTextLocalizationManager: No localization for '' exists, so 'en' will be used for the language.
[2025.12.08-06.32.47:397][  0]LogTextLocalizationManager: No localization for '' exists, so 'en' will be used for the locale.
[2025.12.08-06.32.47:397][  0]LogInit: Using OS detected language ().
[2025.12.08-06.32.47:397][  0]LogInit: Using OS detected locale ().
[2025.12.08-06.32.47:397][  0]LogTextLocalizationManager: No localization for '' exists, so 'en' will be used for the language.
[2025.12.08-06.32.47:397][  0]LogTextLocalizationManager: No localization for '' exists, so 'en' will be used for the locale.
[2025.12.08-06.32.47:397][  0]LogPakFile: Display: ProjectDir: ../../../../../Users/Alvar/Downloads/Level Design/NAlvarez_SchoolMap/LevelDesign/
[2025.12.08-06.32.47:397][  0]LogIoStore: Display: ==================== IoStore Utils ====================
[2025.12.08-06.32.47:400][  0]LogIoStore: Display: Parsing crypto keys from a crypto key cache file 'C:\Users\Alvar\Downloads\Level Design\NAlvarez_SchoolMap\LevelDesign\Saved\Cooked\Windows\LevelDesign\Metadata\Crypto.json'
[2025.12.08-06.32.47:404][  0]LogIoStore: Display: Container signing - DISABLED
[2025.12.08-06.32.47:404][  0]LogIoStore: Display: Directory index - ENABLED
[2025.12.08-06.32.47:404][  0]LogIoStore: Display: Using compression format 'Oodle'
[2025.12.08-06.32.47:404][  0]LogIoStore: Display: Using memory mapping alignment '16384'
[2025.12.08-06.32.47:404][  0]LogIoStore: Display: Using compression block size '65536'
[2025.12.08-06.32.47:404][  0]LogIoStore: Display: Using compression block alignment '2048'
[2025.12.08-06.32.47:404][  0]LogIoStore: Display: Using compression min bytes saved '1024'
[2025.12.08-06.32.47:404][  0]LogIoStore: Display: Using compression min percent saved '5'
[2025.12.08-06.32.47:404][  0]LogIoStore: Display: Using max partition size '0'
[2025.12.08-06.32.47:404][  0]LogIoStore: Display: Not using DDC for compression
[2025.12.08-06.32.47:404][  0]LogIoStore: Display: Using command list file: 'C:\Users\Alvar\AppData\Roaming\Unreal Engine\AutomationTool\Logs\C+Program+Files+UE_5.6\IoStoreCommands.txt'
[2025.12.08-06.32.47:421][  0]LogIoStore: Display: Selected Oodle level 4 (Normal) from command line for shaders
[2025.12.08-06.32.47:422][  0]LogIoStore: Display: Fetched 1256 oplog items from Manifest in 0.00 seconds
[2025.12.08-06.32.47:428][  0]LogIoStore: Display: Parsed 1256 oplog items 0.01 seconds, 1857 chunks
[2025.12.08-06.32.47:437][  0]LogIoStore: Display: Using input asset registry: C:/Users/Alvar/Downloads/Level Design/NAlvarez_SchoolMap/LevelDesign/Saved/Cooked/Windows/LevelDesign/Metadata/DevelopmentAssetRegistry.bin
[2025.12.08-06.32.47:447][  0]LogIoStore: Display: Loaded 608 chunk hashes from AssetRegistry in 0.02 seconds, 608 hashes updated in 0.00 seconds
[2025.12.08-06.32.47:451][  0]LogIoStore: Display: Searching for cooked assets in folder 'C:\Users\Alvar\Downloads\Level Design\NAlvarez_SchoolMap\LevelDesign\Saved\Cooked\Windows'
[2025.12.08-06.32.47:476][  0]LogIoStore: Display: Found '3114' files
[2025.12.08-06.32.47:485][  0]LogIoStore: Display: Creating container targets...
[2025.12.08-06.32.47:492][  0]OodleDataCompression: Display: Oodle v2.9.13 format for pak/iostore with method=Kraken, level=4=Normal
[2025.12.08-06.32.47:525][  0]LogIoStore: Display: Parsing packages...
[2025.12.08-06.32.47:525][  0]LogIoStore: Display: Reading package assets...
[2025.12.08-06.32.47:536][  0]LogIoStore: Display: Reading 1000/1249: 'C:/Users/Alvar/Downloads/Level Design/NAlvarez_SchoolMap/LevelDesign/Saved/Cooked/Windows/LevelDesign/Content/Materials/Meme.uasset'
[2025.12.08-06.32.47:544][  0]LogIoStore: Display: Packages read 1,249 files in 0.02 seconds, 2,675,426 total bytes, 139,541,334 bytes per second
[2025.12.08-06.32.47:554][  0]LogIoStore: Display: Processing shader libraries, compressing with Oodle Mermaid, level 4 (Normal)
[2025.12.08-06.32.47:571][  0]LogShaderLibrary: Display: Created IoStoreShaderArchive header: shaders grouped in 379 groups (139 of them didn't need new indices), average uncompressed size 150965 bytes, min 249 bytes, max 1048075 bytes (r.ShaderCodeLibrary.MaxShaderGroupSize=1048576)
[2025.12.08-06.32.47:678][  0]LogIoStore: Display: Global-PCD3D_SM5(PCD3D_SM5): Recompressed 4106 shaders as 379 groups. Library size changed from 12766 KB (4.38 : 1 ratio) to 5612 KB (9.96 : 1 ratio), 43.96% of previous.
[2025.12.08-06.32.47:828][  0]LogShaderLibrary: Display: Created IoStoreShaderArchive header: shaders grouped in 636 groups (187 of them didn't need new indices), average uncompressed size 298237 bytes, min 1249 bytes, max 1045520 bytes (r.ShaderCodeLibrary.MaxShaderGroupSize=1048576)
[2025.12.08-06.32.48:811][  0]LogIoStore: Display: Global-PCD3D_SM6(PCD3D_SM6): Recompressed 10691 shaders as 636 groups. Library size changed from 140593 KB (1.32 : 1 ratio) to 82364 KB (2.25 : 1 ratio), 58.58% of previous.
[2025.12.08-06.32.48:823][  0]LogShaderLibrary: Display: Created IoStoreShaderArchive header: shaders grouped in 232 groups (89 of them didn't need new indices), average uncompressed size 70111 bytes, min 325 bytes, max 966610 bytes (r.ShaderCodeLibrary.MaxShaderGroupSize=1048576)
[2025.12.08-06.32.48:848][  0]LogIoStore: Display: LevelDesign-PCD3D_SM5(PCD3D_SM5): Recompressed 1439 shaders as 232 groups. Library size changed from 4346 KB (3.65 : 1 ratio) to 1755 KB (9.05 : 1 ratio), 40.39% of previous.
[2025.12.08-06.32.48:861][  0]LogShaderLibrary: Display: Created IoStoreShaderArchive header: shaders grouped in 269 groups (79 of them didn't need new indices), average uncompressed size 131945 bytes, min 2342 bytes, max 962145 bytes (r.ShaderCodeLibrary.MaxShaderGroupSize=1048576)
[2025.12.08-06.32.48:996][  0]LogIoStore: Display: LevelDesign-PCD3D_SM6(PCD3D_SM6): Recompressed 2833 shaders as 269 groups. Library size changed from 26531 KB (1.31 : 1 ratio) to 17352 KB (2.00 : 1 ratio), 65.40% of previous.
[2025.12.08-06.32.48:999][  0]LogIoStore: Display: Shaders processed in 1.44 seconds
[2025.12.08-06.32.49:000][  0]LogIoStore: Display: Initialized WriteRequestManager with MaxConcurrentSourceReads=8 (16 cores), MaxSourceBufferMemory=3072MiB
[2025.12.08-06.32.49:002][  0]LogIoStore: Display: Processing redirects...
[2025.12.08-06.32.49:002][  0]LogIoStore: Display: Creating disk layout...
[2025.12.08-06.32.49:003][  0]LogIoStore: Display: Ordered 1249 packages using fallback bundle order
[2025.12.08-06.32.49:014][  0]LogIoStore: Display: Serializing container(s)...
[2025.12.08-06.32.51:014][  0]LogIoStore: Display: Writing chunks 2817/3378... [1323 compressed] [5188 compression tasks] [Physical: 2399 MiB, Virtual: 5022 MiB]
[2025.12.08-06.32.53:015][  0]LogIoStore: Display: Writing chunks 2835/3378... [1503 compressed] [2115 compression tasks] [Physical: 2263 MiB, Virtual: 4389 MiB]
[2025.12.08-06.32.55:015][  0]LogIoStore: Display: Writing chunks 2902/3378... [1857 compressed] [Physical: 2215 MiB, Virtual: 4032 MiB]
[2025.12.08-06.32.57:016][  0]LogIoStore: Display: Writing chunks 2922/3378... [1857 compressed] [Physical: 2216 MiB, Virtual: 4032 MiB]
[2025.12.08-06.32.59:016][  0]LogIoStore: Display: Writing chunks 2972/3378... [1857 compressed] [Physical: 2216 MiB, Virtual: 4032 MiB]
[2025.12.08-06.33.01:018][  0]LogIoStore: Display: Writing chunks 2978/3378... [1857 compressed] [Physical: 2216 MiB, Virtual: 4032 MiB]
[2025.12.08-06.33.03:018][  0]LogIoStore: Display: Writing chunks 2978/3378... [1857 compressed] [Physical: 2216 MiB, Virtual: 4032 MiB]
[2025.12.08-06.33.05:018][  0]LogIoStore: Display: Writing chunks 3135/3378... [1857 compressed] [Physical: 2216 MiB, Virtual: 4032 MiB]
[2025.12.08-06.33.07:018][  0]LogIoStore: Display: Writing chunks 3161/3378... [1857 compressed] [Physical: 2216 MiB, Virtual: 4032 MiB]
[2025.12.08-06.33.09:019][  0]LogIoStore: Display: Writing chunks 3171/3378... [1857 compressed] [Physical: 2216 MiB, Virtual: 4032 MiB]
[2025.12.08-06.33.11:019][  0]LogIoStore: Display: Writing chunks 3192/3378... [1857 compressed] [Physical: 2216 MiB, Virtual: 4032 MiB]
[2025.12.08-06.33.13:020][  0]LogIoStore: Display: Writing chunks 3211/3378... [1857 compressed] [Physical: 2216 MiB, Virtual: 4032 MiB]
[2025.12.08-06.33.15:021][  0]LogIoStore: Display: Writing chunks 3212/3378... [1857 compressed] [Physical: 2216 MiB, Virtual: 4032 MiB]
[2025.12.08-06.33.17:021][  0]LogIoStore: Display: Writing chunks 3213/3378... [1857 compressed] [Physical: 2216 MiB, Virtual: 4032 MiB]
[2025.12.08-06.33.19:021][  0]LogIoStore: Display: Writing chunks 3213/3378... [1857 compressed] [Physical: 2216 MiB, Virtual: 4032 MiB]
[2025.12.08-06.33.21:022][  0]LogIoStore: Display: Writing chunks 3213/3378... [1857 compressed] [Physical: 2216 MiB, Virtual: 4032 MiB]
[2025.12.08-06.33.23:023][  0]LogIoStore: Display: Writing chunks 3213/3378... [1857 compressed] [Physical: 2216 MiB, Virtual: 4032 MiB]
[2025.12.08-06.33.25:024][  0]LogIoStore: Display: Writing chunks 3214/3378... [1857 compressed] [Physical: 2216 MiB, Virtual: 4032 MiB]
[2025.12.08-06.33.25:873][  0]LogIoStore: Display: Writing and compressing took 36.78 seconds, writes to disk took 35.95 seconds for 1,232,007,616 bytes @ 34,269,128 bytes per second.
[2025.12.08-06.33.25:920][  0]LogIoStore: Display: global: Found perfect hashmap for 1 items.
[2025.12.08-06.33.25:948][  0]LogIoStore: Display: LevelDesign-Windows: Found perfect hashmap for 3377 items.
[2025.12.08-06.33.26:202][  0]LogIoStore: Display: Finalize took 0.3 seconds for 2 writers to write 663,361 bytes, 2,016,305 bytes per second
[2025.12.08-06.33.26:202][  0]LogIoStore: Display: Writing tocs... [Physical: 2216 MiB, Virtual: 4032 MiB]
[2025.12.08-06.33.26:202][  0]LogIoStore: Display: 608 / 3,378 hashes were loaded from the hash database, by type:
[2025.12.08-06.33.26:218][  0]LogIoStore: Display:     BulkData                   608
[2025.12.08-06.33.26:218][  0]LogIoStore: Display: 1,857 / 3,378 chunks attempted to compress, by type:
[2025.12.08-06.33.26:218][  0]LogIoStore: Display:     ExportBundleData           1,249 / 1,249
[2025.12.08-06.33.26:218][  0]LogIoStore: Display:     BulkData                   608 / 608
[2025.12.08-06.33.26:218][  0]LogIoStore: Display:     ScriptObjects              0 / 1
[2025.12.08-06.33.26:218][  0]LogIoStore: Display:     ContainerHeader            0 / 1
[2025.12.08-06.33.26:218][  0]LogIoStore: Display:     ShaderCodeLibrary          0 / 4
[2025.12.08-06.33.26:218][  0]LogIoStore: Display:     ShaderCode                 0 / 1,515
[2025.12.08-06.33.26:218][  0]LogIoStore: Display: Source bytes read:
[2025.12.08-06.33.26:219][  0]LogIoStore: Display:     Zen:                                  0
[2025.12.08-06.33.26:231][  0]LogIoStore: Display:     Loose File:               2,202,024,229
[2025.12.08-06.33.26:231][  0]LogIoStore: Display:         ExportBundleData        499,754,144 bytes over 2,498 reads
[2025.12.08-06.33.26:231][  0]LogIoStore: Display:         BulkData               1,702,270,085 bytes over 608 reads
[2025.12.08-06.33.26:231][  0]LogIoStore: Display:     Memory:                     220,843,894
[2025.12.08-06.33.26:231][  0]LogIoStore: Display:         ShaderCodeLibrary         1,534,488 bytes over 8 reads
[2025.12.08-06.33.26:231][  0]LogIoStore: Display:         ShaderCode              219,309,406 bytes over 3,030 reads
[2025.12.08-06.33.26:231][  0]LogIoStore: Display: Calculating stats...
[2025.12.08-06.33.26:248][  0]LogIoStore: Display: 
[2025.12.08-06.33.26:248][  0]LogIoStore: Display: Container Summary
[2025.12.08-06.33.26:248][  0]LogIoStore: Display: ==================
[2025.12.08-06.33.26:248][  0]LogIoStore: Display: 
[2025.12.08-06.33.26:248][  0]LogIoStore: Display: Container                                               Flags      Chunk(s) #       TOC (KiB)       Raw Size (MiB)           Size (MiB)
[2025.12.08-06.33.26:248][  0]LogIoStore: Display: ----------------------------------------------------------------------------------------------------------------------------------------------
[2025.12.08-06.33.26:248][  0]LogIoStore: Display: global                                              -/-/-/-/-               1            0.66                 2.48                 2.48 -
[2025.12.08-06.33.26:248][  0]LogIoStore: Display: LevelDesign-Windows                                 C/-/-/I/-            3377          647.16              1971.26              1172.45 (40.52% Oodle)
[2025.12.08-06.33.26:248][  0]LogIoStore: Display: ----------------------------------------------------------------------------------------------------------------------------------------------
[2025.12.08-06.33.26:248][  0]LogIoStore: Display: Total                                                                    3378          647.81              1973.74              1174.93
[2025.12.08-06.33.26:248][  0]LogIoStore: Display: 
[2025.12.08-06.33.26:248][  0]LogIoStore: Display: ** Flags: (C)ompressed / (E)ncrypted / (S)igned) / (I)ndexed) / (O)nDemand **
[2025.12.08-06.33.26:248][  0]LogIoStore: Display: 
[2025.12.08-06.33.26:248][  0]LogIoStore: Display: Compression block padding:     2.50 MiB
[2025.12.08-06.33.26:248][  0]LogIoStore: Display: 
[2025.12.08-06.33.26:248][  0]LogIoStore: Display: Container Directory Index
[2025.12.08-06.33.26:248][  0]LogIoStore: Display: ==========================
[2025.12.08-06.33.26:248][  0]LogIoStore: Display: 
[2025.12.08-06.33.26:248][  0]LogIoStore: Display: Container                                          Size (KiB)
[2025.12.08-06.33.26:248][  0]LogIoStore: Display: ----------------------------------------------------------------------------------------------------------------------------------------------
[2025.12.08-06.33.26:248][  0]LogIoStore: Display: global                                                   0.00
[2025.12.08-06.33.26:248][  0]LogIoStore: Display: LevelDesign-Windows                                     89.49
[2025.12.08-06.33.26:248][  0]LogIoStore: Display: 
[2025.12.08-06.33.26:248][  0]LogIoStore: Display: Container Patch Report
[2025.12.08-06.33.26:248][  0]LogIoStore: Display: ========================
[2025.12.08-06.33.26:248][  0]LogIoStore: Display: 
[2025.12.08-06.33.26:248][  0]LogIoStore: Display: Container                                             Total #       Modified #          Added #   Modified (MiB)      Added (MiB)
[2025.12.08-06.33.26:248][  0]LogIoStore: Display: ----------------------------------------------------------------------------------------------------------------------------------------------
[2025.12.08-06.33.26:248][  0]LogIoStore: Display: global                                                      1                0                0             0.00             0.00
[2025.12.08-06.33.26:248][  0]LogIoStore: Display: LevelDesign-Windows                                      3377                0             3377             0.00          1169.96
[2025.12.08-06.33.26:248][  0]LogIoStore: Display: 
[2025.12.08-06.33.26:248][  0]LogIoStore: Display: PackageStore
[2025.12.08-06.33.26:248][  0]LogIoStore: Display: =============
[2025.12.08-06.33.26:248][  0]LogIoStore: Display: 
[2025.12.08-06.33.26:248][  0]LogIoStore: Display: Container                                          Size (KiB)      Packages #     Localized #
[2025.12.08-06.33.26:248][  0]LogIoStore: Display: ----------------------------------------------------------------------------------------------------------------------------------------------
[2025.12.08-06.33.26:248][  0]LogIoStore: Display: LevelDesign-Windows                                        42            1249               0
[2025.12.08-06.33.26:248][  0]LogIoStore: Display: ----------------------------------------------------------------------------------------------------------------------------------------------
[2025.12.08-06.33.26:248][  0]LogIoStore: Display: Total                                                      42            1249               0
[2025.12.08-06.33.26:248][  0]LogIoStore: Display: 
[2025.12.08-06.33.26:248][  0]LogIoStore: Display: 
[2025.12.08-06.33.26:248][  0]LogIoStore: Display: Input:      1249 Packages
[2025.12.08-06.33.26:248][  0]LogIoStore: Display: Input:      0.23 GB UExp
[2025.12.08-06.33.26:248][  0]LogIoStore: Display: Input:      0.00 GB UAsset
[2025.12.08-06.33.26:248][  0]LogIoStore: Display: Input:      1.59 GB UBulk
[2025.12.08-06.33.26:248][  0]LogIoStore: Display: Input:     85.91 MB for 1015 Global shaders
[2025.12.08-06.33.26:248][  0]LogIoStore: Display: Input:      2.59 MB for 243 Shared shaders
[2025.12.08-06.33.26:248][  0]LogIoStore: Display: Input:      0.00 MB for 0 Unique shaders
[2025.12.08-06.33.26:248][  0]LogIoStore: Display: Input:     16.07 MB for 257 Inline shaders
[2025.12.08-06.33.26:248][  0]LogIoStore: Display: 
[2025.12.08-06.33.26:248][  0]LogIoStore: Display: Output:    12513 Name map entries
[2025.12.08-06.33.26:248][  0]LogIoStore: Display: Output:     2055 Imported package entries
[2025.12.08-06.33.26:248][  0]LogIoStore: Display: Output:      636 Packages without imports
[2025.12.08-06.33.26:248][  0]LogIoStore: Display: Output:        0 Public runtime script objects
[2025.12.08-06.33.26:248][  0]LogIoStore: Display: Output:     0.00 GB HeaderData
[2025.12.08-06.33.26:248][  0]LogIoStore: Display: Output:     2.48 MB InitialLoadData
[2025.12.08-06.33.26:248][  0]LogIoStore: Display: 
[2025.12.08-06.33.26:265][  0]LogPakFile: Display: UnrealPak executed in 38.867965 seconds
[2025.12.08-06.33.26:342][  0]LogCore: Engine exit requested (reason: UnrealPak Exiting)
[2025.12.08-06.33.26:342][  0]LogExit: Preparing to exit.
[2025.12.08-06.33.26:342][  0]LogExit: Object subsystem successfully closed.
[2025.12.08-06.33.26:344][  0]LogPakFile: Destroying PakPlatformFile
[2025.12.08-06.33.26:345][  0]LogExit: Exiting.
[2025.12.08-06.33.26:453][  0]Log file closed, 12/08/25 00:33:26
